Archive member included because of file (symbol)

c:/program files (x86)/atmel/atmel toolchain/avr8 gcc/native/3.4.2.1002/avr8-gnu-toolchain/bin/../lib/gcc/avr/4.7.2/avr51\libgcc.a(_udivmodsi4.o)
                              SimpleVania.o (__udivmodsi4)
c:/program files (x86)/atmel/atmel toolchain/avr8 gcc/native/3.4.2.1002/avr8-gnu-toolchain/bin/../lib/gcc/avr/4.7.2/avr51\libgcc.a(_exit.o)
                              c:/program files (x86)/atmel/atmel toolchain/avr8 gcc/native/3.4.2.1002/avr8-gnu-toolchain/bin/../lib/gcc/avr/4.7.2/../../../../avr/lib/avr51/crtm1284p.o (exit)
c:/program files (x86)/atmel/atmel toolchain/avr8 gcc/native/3.4.2.1002/avr8-gnu-toolchain/bin/../lib/gcc/avr/4.7.2/avr51\libgcc.a(_tablejump.o)
                              SimpleVania.o (__tablejump2__)
c:/program files (x86)/atmel/atmel toolchain/avr8 gcc/native/3.4.2.1002/avr8-gnu-toolchain/bin/../lib/gcc/avr/4.7.2/avr51\libgcc.a(_copy_data.o)
                              SimpleVania.o (__do_copy_data)
c:/program files (x86)/atmel/atmel toolchain/avr8 gcc/native/3.4.2.1002/avr8-gnu-toolchain/bin/../lib/gcc/avr/4.7.2/avr51\libgcc.a(_clear_bss.o)
                              SimpleVania.o (__do_clear_bss)

Allocating common symbols
Common symbol       size              file

buttons             0x10              SimpleVania.o

Discarded input sections

 .bss           0x00000000        0x0 c:/program files (x86)/atmel/atmel toolchain/avr8 gcc/native/3.4.2.1002/avr8-gnu-toolchain/bin/../lib/gcc/avr/4.7.2/../../../../avr/lib/avr51/crtm1284p.o
 .text          0x00000000        0x0 SimpleVania.o
 .bss           0x00000000        0x0 SimpleVania.o
 .text.SetBit   0x00000000       0x60 SimpleVania.o
 .text.SetLongBit
                0x00000000       0x98 SimpleVania.o
 .text.GetBit   0x00000000       0x34 SimpleVania.o
 .text.TimerOff
                0x00000000       0x16 SimpleVania.o
 .bss.num_purple
                0x00000000        0x1 SimpleVania.o
 .bss.whip_loc3
                0x00000000        0x1 SimpleVania.o
 .data.to_render
                0x00000000        0x4 SimpleVania.o
 .data.Belmont  0x00000000        0x4 SimpleVania.o
 .data.not_drac
                0x00000000        0x3 SimpleVania.o
 .text          0x00000000        0x0 c:/program files (x86)/atmel/atmel toolchain/avr8 gcc/native/3.4.2.1002/avr8-gnu-toolchain/bin/../lib/gcc/avr/4.7.2/avr51\libgcc.a(_udivmodsi4.o)
 .bss           0x00000000        0x0 c:/program files (x86)/atmel/atmel toolchain/avr8 gcc/native/3.4.2.1002/avr8-gnu-toolchain/bin/../lib/gcc/avr/4.7.2/avr51\libgcc.a(_udivmodsi4.o)
 .text.libgcc.mul
                0x00000000        0x0 c:/program files (x86)/atmel/atmel toolchain/avr8 gcc/native/3.4.2.1002/avr8-gnu-toolchain/bin/../lib/gcc/avr/4.7.2/avr51\libgcc.a(_udivmodsi4.o)
 .text.libgcc   0x00000000        0x0 c:/program files (x86)/atmel/atmel toolchain/avr8 gcc/native/3.4.2.1002/avr8-gnu-toolchain/bin/../lib/gcc/avr/4.7.2/avr51\libgcc.a(_udivmodsi4.o)
 .text.libgcc.prologue
                0x00000000        0x0 c:/program files (x86)/atmel/atmel toolchain/avr8 gcc/native/3.4.2.1002/avr8-gnu-toolchain/bin/../lib/gcc/avr/4.7.2/avr51\libgcc.a(_udivmodsi4.o)
 .text.libgcc.builtins
                0x00000000        0x0 c:/program files (x86)/atmel/atmel toolchain/avr8 gcc/native/3.4.2.1002/avr8-gnu-toolchain/bin/../lib/gcc/avr/4.7.2/avr51\libgcc.a(_udivmodsi4.o)
 .text.libgcc.fmul
                0x00000000        0x0 c:/program files (x86)/atmel/atmel toolchain/avr8 gcc/native/3.4.2.1002/avr8-gnu-toolchain/bin/../lib/gcc/avr/4.7.2/avr51\libgcc.a(_udivmodsi4.o)
 .text          0x00000000        0x0 c:/program files (x86)/atmel/atmel toolchain/avr8 gcc/native/3.4.2.1002/avr8-gnu-toolchain/bin/../lib/gcc/avr/4.7.2/avr51\libgcc.a(_exit.o)
 .bss           0x00000000        0x0 c:/program files (x86)/atmel/atmel toolchain/avr8 gcc/native/3.4.2.1002/avr8-gnu-toolchain/bin/../lib/gcc/avr/4.7.2/avr51\libgcc.a(_exit.o)
 .text.libgcc.mul
                0x00000000        0x0 c:/program files (x86)/atmel/atmel toolchain/avr8 gcc/native/3.4.2.1002/avr8-gnu-toolchain/bin/../lib/gcc/avr/4.7.2/avr51\libgcc.a(_exit.o)
 .text.libgcc.div
                0x00000000        0x0 c:/program files (x86)/atmel/atmel toolchain/avr8 gcc/native/3.4.2.1002/avr8-gnu-toolchain/bin/../lib/gcc/avr/4.7.2/avr51\libgcc.a(_exit.o)
 .text.libgcc   0x00000000        0x0 c:/program files (x86)/atmel/atmel toolchain/avr8 gcc/native/3.4.2.1002/avr8-gnu-toolchain/bin/../lib/gcc/avr/4.7.2/avr51\libgcc.a(_exit.o)
 .text.libgcc.prologue
                0x00000000        0x0 c:/program files (x86)/atmel/atmel toolchain/avr8 gcc/native/3.4.2.1002/avr8-gnu-toolchain/bin/../lib/gcc/avr/4.7.2/avr51\libgcc.a(_exit.o)
 .text.libgcc.builtins
                0x00000000        0x0 c:/program files (x86)/atmel/atmel toolchain/avr8 gcc/native/3.4.2.1002/avr8-gnu-toolchain/bin/../lib/gcc/avr/4.7.2/avr51\libgcc.a(_exit.o)
 .text.libgcc.fmul
                0x00000000        0x0 c:/program files (x86)/atmel/atmel toolchain/avr8 gcc/native/3.4.2.1002/avr8-gnu-toolchain/bin/../lib/gcc/avr/4.7.2/avr51\libgcc.a(_exit.o)
 .text          0x00000000        0x0 c:/program files (x86)/atmel/atmel toolchain/avr8 gcc/native/3.4.2.1002/avr8-gnu-toolchain/bin/../lib/gcc/avr/4.7.2/avr51\libgcc.a(_tablejump.o)
 .bss           0x00000000        0x0 c:/program files (x86)/atmel/atmel toolchain/avr8 gcc/native/3.4.2.1002/avr8-gnu-toolchain/bin/../lib/gcc/avr/4.7.2/avr51\libgcc.a(_tablejump.o)
 .text.libgcc.mul
                0x00000000        0x0 c:/program files (x86)/atmel/atmel toolchain/avr8 gcc/native/3.4.2.1002/avr8-gnu-toolchain/bin/../lib/gcc/avr/4.7.2/avr51\libgcc.a(_tablejump.o)
 .text.libgcc.div
                0x00000000        0x0 c:/program files (x86)/atmel/atmel toolchain/avr8 gcc/native/3.4.2.1002/avr8-gnu-toolchain/bin/../lib/gcc/avr/4.7.2/avr51\libgcc.a(_tablejump.o)
 .text.libgcc.prologue
                0x00000000        0x0 c:/program files (x86)/atmel/atmel toolchain/avr8 gcc/native/3.4.2.1002/avr8-gnu-toolchain/bin/../lib/gcc/avr/4.7.2/avr51\libgcc.a(_tablejump.o)
 .text.libgcc.builtins
                0x00000000        0x0 c:/program files (x86)/atmel/atmel toolchain/avr8 gcc/native/3.4.2.1002/avr8-gnu-toolchain/bin/../lib/gcc/avr/4.7.2/avr51\libgcc.a(_tablejump.o)
 .text.libgcc.fmul
                0x00000000        0x0 c:/program files (x86)/atmel/atmel toolchain/avr8 gcc/native/3.4.2.1002/avr8-gnu-toolchain/bin/../lib/gcc/avr/4.7.2/avr51\libgcc.a(_tablejump.o)
 .text          0x00000000        0x0 c:/program files (x86)/atmel/atmel toolchain/avr8 gcc/native/3.4.2.1002/avr8-gnu-toolchain/bin/../lib/gcc/avr/4.7.2/avr51\libgcc.a(_copy_data.o)
 .bss           0x00000000        0x0 c:/program files (x86)/atmel/atmel toolchain/avr8 gcc/native/3.4.2.1002/avr8-gnu-toolchain/bin/../lib/gcc/avr/4.7.2/avr51\libgcc.a(_copy_data.o)
 .text.libgcc.mul
                0x00000000        0x0 c:/program files (x86)/atmel/atmel toolchain/avr8 gcc/native/3.4.2.1002/avr8-gnu-toolchain/bin/../lib/gcc/avr/4.7.2/avr51\libgcc.a(_copy_data.o)
 .text.libgcc.div
                0x00000000        0x0 c:/program files (x86)/atmel/atmel toolchain/avr8 gcc/native/3.4.2.1002/avr8-gnu-toolchain/bin/../lib/gcc/avr/4.7.2/avr51\libgcc.a(_copy_data.o)
 .text.libgcc   0x00000000        0x0 c:/program files (x86)/atmel/atmel toolchain/avr8 gcc/native/3.4.2.1002/avr8-gnu-toolchain/bin/../lib/gcc/avr/4.7.2/avr51\libgcc.a(_copy_data.o)
 .text.libgcc.prologue
                0x00000000        0x0 c:/program files (x86)/atmel/atmel toolchain/avr8 gcc/native/3.4.2.1002/avr8-gnu-toolchain/bin/../lib/gcc/avr/4.7.2/avr51\libgcc.a(_copy_data.o)
 .text.libgcc.builtins
                0x00000000        0x0 c:/program files (x86)/atmel/atmel toolchain/avr8 gcc/native/3.4.2.1002/avr8-gnu-toolchain/bin/../lib/gcc/avr/4.7.2/avr51\libgcc.a(_copy_data.o)
 .text.libgcc.fmul
                0x00000000        0x0 c:/program files (x86)/atmel/atmel toolchain/avr8 gcc/native/3.4.2.1002/avr8-gnu-toolchain/bin/../lib/gcc/avr/4.7.2/avr51\libgcc.a(_copy_data.o)
 .text          0x00000000        0x0 c:/program files (x86)/atmel/atmel toolchain/avr8 gcc/native/3.4.2.1002/avr8-gnu-toolchain/bin/../lib/gcc/avr/4.7.2/avr51\libgcc.a(_clear_bss.o)
 .bss           0x00000000        0x0 c:/program files (x86)/atmel/atmel toolchain/avr8 gcc/native/3.4.2.1002/avr8-gnu-toolchain/bin/../lib/gcc/avr/4.7.2/avr51\libgcc.a(_clear_bss.o)
 .text.libgcc.mul
                0x00000000        0x0 c:/program files (x86)/atmel/atmel toolchain/avr8 gcc/native/3.4.2.1002/avr8-gnu-toolchain/bin/../lib/gcc/avr/4.7.2/avr51\libgcc.a(_clear_bss.o)
 .text.libgcc.div
                0x00000000        0x0 c:/program files (x86)/atmel/atmel toolchain/avr8 gcc/native/3.4.2.1002/avr8-gnu-toolchain/bin/../lib/gcc/avr/4.7.2/avr51\libgcc.a(_clear_bss.o)
 .text.libgcc   0x00000000        0x0 c:/program files (x86)/atmel/atmel toolchain/avr8 gcc/native/3.4.2.1002/avr8-gnu-toolchain/bin/../lib/gcc/avr/4.7.2/avr51\libgcc.a(_clear_bss.o)
 .text.libgcc.prologue
                0x00000000        0x0 c:/program files (x86)/atmel/atmel toolchain/avr8 gcc/native/3.4.2.1002/avr8-gnu-toolchain/bin/../lib/gcc/avr/4.7.2/avr51\libgcc.a(_clear_bss.o)
 .text.libgcc.builtins
                0x00000000        0x0 c:/program files (x86)/atmel/atmel toolchain/avr8 gcc/native/3.4.2.1002/avr8-gnu-toolchain/bin/../lib/gcc/avr/4.7.2/avr51\libgcc.a(_clear_bss.o)
 .text.libgcc.fmul
                0x00000000        0x0 c:/program files (x86)/atmel/atmel toolchain/avr8 gcc/native/3.4.2.1002/avr8-gnu-toolchain/bin/../lib/gcc/avr/4.7.2/avr51\libgcc.a(_clear_bss.o)

Memory Configuration

Name             Origin             Length             Attributes
text             0x00000000         0x00020000         xr
data             0x00800100         0x0000ff00         rw !x
eeprom           0x00810000         0x00010000         rw !x
fuse             0x00820000         0x00000400         rw !x
lock             0x00830000         0x00000400         rw !x
signature        0x00840000         0x00000400         rw !x
user_signatures  0x00850000         0x00000400         rw !x
*default*        0x00000000         0xffffffff

Linker script and memory map

Address of section .data set to 0x800100
LOAD c:/program files (x86)/atmel/atmel toolchain/avr8 gcc/native/3.4.2.1002/avr8-gnu-toolchain/bin/../lib/gcc/avr/4.7.2/../../../../avr/lib/avr51/crtm1284p.o
LOAD SimpleVania.o
START GROUP
LOAD c:/program files (x86)/atmel/atmel toolchain/avr8 gcc/native/3.4.2.1002/avr8-gnu-toolchain/bin/../lib/gcc/avr/4.7.2/../../../../avr/lib/avr51\libm.a
END GROUP
LOAD c:/program files (x86)/atmel/atmel toolchain/avr8 gcc/native/3.4.2.1002/avr8-gnu-toolchain/bin/../lib/gcc/avr/4.7.2/avr51\libgcc.a
LOAD c:/program files (x86)/atmel/atmel toolchain/avr8 gcc/native/3.4.2.1002/avr8-gnu-toolchain/bin/../lib/gcc/avr/4.7.2/../../../../avr/lib/avr51\libc.a
LOAD c:/program files (x86)/atmel/atmel toolchain/avr8 gcc/native/3.4.2.1002/avr8-gnu-toolchain/bin/../lib/gcc/avr/4.7.2/avr51\libgcc.a

.hash
 *(.hash)

.dynsym
 *(.dynsym)

.dynstr
 *(.dynstr)

.gnu.version
 *(.gnu.version)

.gnu.version_d
 *(.gnu.version_d)

.gnu.version_r
 *(.gnu.version_r)

.rel.init
 *(.rel.init)

.rela.init
 *(.rela.init)

.rel.text
 *(.rel.text)
 *(.rel.text.*)
 *(.rel.gnu.linkonce.t*)

.rela.text
 *(.rela.text)
 *(.rela.text.*)
 *(.rela.gnu.linkonce.t*)

.rel.fini
 *(.rel.fini)

.rela.fini
 *(.rela.fini)

.rel.rodata
 *(.rel.rodata)
 *(.rel.rodata.*)
 *(.rel.gnu.linkonce.r*)

.rela.rodata
 *(.rela.rodata)
 *(.rela.rodata.*)
 *(.rela.gnu.linkonce.r*)

.rel.data
 *(.rel.data)
 *(.rel.data.*)
 *(.rel.gnu.linkonce.d*)

.rela.data
 *(.rela.data)
 *(.rela.data.*)
 *(.rela.gnu.linkonce.d*)

.rel.ctors
 *(.rel.ctors)

.rela.ctors
 *(.rela.ctors)

.rel.dtors
 *(.rel.dtors)

.rela.dtors
 *(.rela.dtors)

.rel.got
 *(.rel.got)

.rela.got
 *(.rela.got)

.rel.bss
 *(.rel.bss)

.rela.bss
 *(.rela.bss)

.rel.plt
 *(.rel.plt)

.rela.plt
 *(.rela.plt)

.text           0x00000000     0x3874
 *(.vectors)
 .vectors       0x00000000       0x8c c:/program files (x86)/atmel/atmel toolchain/avr8 gcc/native/3.4.2.1002/avr8-gnu-toolchain/bin/../lib/gcc/avr/4.7.2/../../../../avr/lib/avr51/crtm1284p.o
                0x00000000                __vector_default
                0x00000000                __vectors
 *(.vectors)
 *(.progmem.gcc*)
 .progmem.gcc_sw_table.control_SM
                0x0000008c       0x54 SimpleVania.o
 *(.progmem*)
                0x000000e0                . = ALIGN (0x2)
                0x000000e0                __trampolines_start = .
 *(.trampolines)
 .trampolines   0x000000e0        0x0 linker stubs
 *(.trampolines*)
                0x000000e0                __trampolines_end = .
 *(.jumptables)
 *(.jumptables*)
 *(.lowtext)
 *(.lowtext*)
                0x000000e0                __ctors_start = .
 *(.ctors)
                0x000000e0                __ctors_end = .
                0x000000e0                __dtors_start = .
 *(.dtors)
                0x000000e0                __dtors_end = .
 SORT(*)(.ctors)
 SORT(*)(.dtors)
 *(.init0)
 .init0         0x000000e0        0x0 c:/program files (x86)/atmel/atmel toolchain/avr8 gcc/native/3.4.2.1002/avr8-gnu-toolchain/bin/../lib/gcc/avr/4.7.2/../../../../avr/lib/avr51/crtm1284p.o
                0x000000e0                __init
 *(.init0)
 *(.init1)
 *(.init1)
 *(.init2)
 .init2         0x000000e0        0xc c:/program files (x86)/atmel/atmel toolchain/avr8 gcc/native/3.4.2.1002/avr8-gnu-toolchain/bin/../lib/gcc/avr/4.7.2/../../../../avr/lib/avr51/crtm1284p.o
 *(.init2)
 *(.init3)
 *(.init3)
 *(.init4)
 .init4         0x000000ec       0x1a c:/program files (x86)/atmel/atmel toolchain/avr8 gcc/native/3.4.2.1002/avr8-gnu-toolchain/bin/../lib/gcc/avr/4.7.2/avr51\libgcc.a(_copy_data.o)
                0x000000ec                __do_copy_data
 .init4         0x00000106       0x10 c:/program files (x86)/atmel/atmel toolchain/avr8 gcc/native/3.4.2.1002/avr8-gnu-toolchain/bin/../lib/gcc/avr/4.7.2/avr51\libgcc.a(_clear_bss.o)
                0x00000106                __do_clear_bss
 *(.init4)
 *(.init5)
 *(.init5)
 *(.init6)
 *(.init6)
 *(.init7)
 *(.init7)
 *(.init8)
 *(.init8)
 *(.init9)
 .init9         0x00000116        0x8 c:/program files (x86)/atmel/atmel toolchain/avr8 gcc/native/3.4.2.1002/avr8-gnu-toolchain/bin/../lib/gcc/avr/4.7.2/../../../../avr/lib/avr51/crtm1284p.o
 *(.init9)
 *(.text)
 .text          0x0000011e        0x2 c:/program files (x86)/atmel/atmel toolchain/avr8 gcc/native/3.4.2.1002/avr8-gnu-toolchain/bin/../lib/gcc/avr/4.7.2/../../../../avr/lib/avr51/crtm1284p.o
                0x0000011e                __vector_22
                0x0000011e                __vector_28
                0x0000011e                __vector_1
                0x0000011e                __vector_32
                0x0000011e                __vector_34
                0x0000011e                __vector_24
                0x0000011e                __vector_12
                0x0000011e                __bad_interrupt
                0x0000011e                __vector_6
                0x0000011e                __vector_31
                0x0000011e                __vector_3
                0x0000011e                __vector_23
                0x0000011e                __vector_30
                0x0000011e                __vector_25
                0x0000011e                __vector_11
                0x0000011e                __vector_17
                0x0000011e                __vector_19
                0x0000011e                __vector_7
                0x0000011e                __vector_27
                0x0000011e                __vector_5
                0x0000011e                __vector_33
                0x0000011e                __vector_4
                0x0000011e                __vector_9
                0x0000011e                __vector_2
                0x0000011e                __vector_21
                0x0000011e                __vector_15
                0x0000011e                __vector_29
                0x0000011e                __vector_8
                0x0000011e                __vector_26
                0x0000011e                __vector_14
                0x0000011e                __vector_10
                0x0000011e                __vector_16
                0x0000011e                __vector_18
                0x0000011e                __vector_20
                0x00000120                . = ALIGN (0x2)
 *(.text.*)
 .text.SetLongREDBit
                0x00000120       0x98 SimpleVania.o
                0x00000120                SetLongREDBit
 .text.SetLongGREENBit
                0x000001b8       0x98 SimpleVania.o
                0x000001b8                SetLongGREENBit
 .text.SetLongBLUEBit
                0x00000250       0xa0 SimpleVania.o
                0x00000250                SetLongBLUEBit
 .text.TimerSet
                0x000002f0       0x5a SimpleVania.o
                0x000002f0                TimerSet
 .text.TimerOn  0x0000034a       0x6c SimpleVania.o
                0x0000034a                TimerOn
 .text.TimerISR
                0x000003b6       0x14 SimpleVania.o
                0x000003b6                TimerISR
 .text.__vector_13
                0x000003ca       0xc0 SimpleVania.o
                0x000003ca                __vector_13
 .text.LCD_ClearScreen
                0x0000048a       0x12 SimpleVania.o
                0x0000048a                LCD_ClearScreen
 .text.LCD_init
                0x0000049c       0x2a SimpleVania.o
                0x0000049c                LCD_init
 .text.LCD_WriteCommand
                0x000004c6       0x5c SimpleVania.o
                0x000004c6                LCD_WriteCommand
 .text.LCD_WriteData
                0x00000522       0x5c SimpleVania.o
                0x00000522                LCD_WriteData
 .text.LCD_DisplayString
                0x0000057e       0x54 SimpleVania.o
                0x0000057e                LCD_DisplayString
 .text.LCD_Cursor
                0x000005d2       0x28 SimpleVania.o
                0x000005d2                LCD_Cursor
 .text.delay_ms
                0x000005fa       0x60 SimpleVania.o
                0x000005fa                delay_ms
 .text.calc_render_range
                0x0000065a       0xd0 SimpleVania.o
                0x0000065a                calc_render_range
 .text.calc_render
                0x0000072a      0x2ec SimpleVania.o
                0x0000072a                calc_render
 .text.move_left
                0x00000a16      0x4b6 SimpleVania.o
                0x00000a16                move_left
 .text.move_right
                0x00000ecc      0x468 SimpleVania.o
                0x00000ecc                move_right
 .text.crouch   0x00001334       0xfc SimpleVania.o
                0x00001334                crouch
 .text.fall     0x00001430      0x408 SimpleVania.o
                0x00001430                fall
 .text.jump     0x00001838      0x430 SimpleVania.o
                0x00001838                jump
 .text.forward_jump
                0x00001c68      0x3aa SimpleVania.o
                0x00001c68                forward_jump
 .text.whip     0x00002012      0x95a SimpleVania.o
                0x00002012                whip
 .text.retract_whip
                0x0000296c       0xe8 SimpleVania.o
                0x0000296c                retract_whip
 .text.reset    0x00002a54       0x4a SimpleVania.o
                0x00002a54                reset
 .text.next_level
                0x00002a9e       0x4e SimpleVania.o
                0x00002a9e                next_level
 .text.getControllerData
                0x00002aec       0x86 SimpleVania.o
                0x00002aec                getControllerData
 .text.findGCD  0x00002b72       0x98 SimpleVania.o
                0x00002b72                findGCD
 .text.transmit_dataA
                0x00002c0a       0x92 SimpleVania.o
                0x00002c0a                transmit_dataA
 .text.transmit_dataB
                0x00002c9c       0xa4 SimpleVania.o
                0x00002c9c                transmit_dataB
 .text.render_SM
                0x00002d40      0x180 SimpleVania.o
                0x00002d40                render_SM
 .text.control_SM
                0x00002ec0      0x428 SimpleVania.o
                0x00002ec0                control_SM
 .text.whip_delay_SM
                0x000032e8       0x4e SimpleVania.o
                0x000032e8                whip_delay_SM
 .text.LCD_sm   0x00003336       0x70 SimpleVania.o
                0x00003336                LCD_sm
 .text.main     0x000033a6      0x47a SimpleVania.o
                0x000033a6                main
 .text.libgcc.div
                0x00003820       0x44 c:/program files (x86)/atmel/atmel toolchain/avr8 gcc/native/3.4.2.1002/avr8-gnu-toolchain/bin/../lib/gcc/avr/4.7.2/avr51\libgcc.a(_udivmodsi4.o)
                0x00003820                __udivmodsi4
 .text.libgcc   0x00003864        0xc c:/program files (x86)/atmel/atmel toolchain/avr8 gcc/native/3.4.2.1002/avr8-gnu-toolchain/bin/../lib/gcc/avr/4.7.2/avr51\libgcc.a(_tablejump.o)
                0x00003864                __tablejump2__
                0x00003868                __tablejump__
                0x00003870                . = ALIGN (0x2)
 *(.fini9)
 .fini9         0x00003870        0x0 c:/program files (x86)/atmel/atmel toolchain/avr8 gcc/native/3.4.2.1002/avr8-gnu-toolchain/bin/../lib/gcc/avr/4.7.2/avr51\libgcc.a(_exit.o)
                0x00003870                _exit
                0x00003870                exit
 *(.fini9)
 *(.fini8)
 *(.fini8)
 *(.fini7)
 *(.fini7)
 *(.fini6)
 *(.fini6)
 *(.fini5)
 *(.fini5)
 *(.fini4)
 *(.fini4)
 *(.fini3)
 *(.fini3)
 *(.fini2)
 *(.fini2)
 *(.fini1)
 *(.fini1)
 *(.fini0)
 .fini0         0x00003870        0x4 c:/program files (x86)/atmel/atmel toolchain/avr8 gcc/native/3.4.2.1002/avr8-gnu-toolchain/bin/../lib/gcc/avr/4.7.2/avr51\libgcc.a(_exit.o)
 *(.fini0)
                0x00003874                _etext = .

.data           0x00800100      0x524 load address 0x00003874
                0x00800100                PROVIDE (__data_start, .)
 *(.data)
 .data          0x00800100        0x0 c:/program files (x86)/atmel/atmel toolchain/avr8 gcc/native/3.4.2.1002/avr8-gnu-toolchain/bin/../lib/gcc/avr/4.7.2/../../../../avr/lib/avr51/crtm1284p.o
 .data          0x00800100        0x0 SimpleVania.o
 .data          0x00800100        0x0 c:/program files (x86)/atmel/atmel toolchain/avr8 gcc/native/3.4.2.1002/avr8-gnu-toolchain/bin/../lib/gcc/avr/4.7.2/avr51\libgcc.a(_udivmodsi4.o)
 .data          0x00800100        0x0 c:/program files (x86)/atmel/atmel toolchain/avr8 gcc/native/3.4.2.1002/avr8-gnu-toolchain/bin/../lib/gcc/avr/4.7.2/avr51\libgcc.a(_exit.o)
 .data          0x00800100        0x0 c:/program files (x86)/atmel/atmel toolchain/avr8 gcc/native/3.4.2.1002/avr8-gnu-toolchain/bin/../lib/gcc/avr/4.7.2/avr51\libgcc.a(_tablejump.o)
 .data          0x00800100        0x0 c:/program files (x86)/atmel/atmel toolchain/avr8 gcc/native/3.4.2.1002/avr8-gnu-toolchain/bin/../lib/gcc/avr/4.7.2/avr51\libgcc.a(_copy_data.o)
 .data          0x00800100        0x0 c:/program files (x86)/atmel/atmel toolchain/avr8 gcc/native/3.4.2.1002/avr8-gnu-toolchain/bin/../lib/gcc/avr/4.7.2/avr51\libgcc.a(_clear_bss.o)
 *(.data*)
 .data._avr_timer_M
                0x00800100        0x4 SimpleVania.o
                0x00800100                _avr_timer_M
 .data.player_HP
                0x00800104        0x1 SimpleVania.o
                0x00800104                player_HP
 .data.cur_level
                0x00800105        0x1 SimpleVania.o
                0x00800105                cur_level
 .data.end_render
                0x00800106        0x1 SimpleVania.o
                0x00800106                end_render
 .data.pos_x    0x00800107        0x1 SimpleVania.o
                0x00800107                pos_x
 .data.pos_y    0x00800108        0x1 SimpleVania.o
                0x00800108                pos_y
 .data.to_renderR
                0x00800109        0x4 SimpleVania.o
                0x00800109                to_renderR
 .data.to_renderG
                0x0080010d        0x4 SimpleVania.o
                0x0080010d                to_renderG
 .data.to_renderB
                0x00800111        0x4 SimpleVania.o
                0x00800111                to_renderB
 .data.active_row
                0x00800115        0x8 SimpleVania.o
                0x00800115                active_row
 .data.level1   0x0080011d      0x430 SimpleVania.o
                0x0080011d                level1
 .data.level2   0x0080054d       0xa0 SimpleVania.o
                0x0080054d                level2
 .data.lvl_sizes
                0x008005ed        0x2 SimpleVania.o
                0x008005ed                lvl_sizes
 *(.rodata)
 .rodata        0x008005ef       0x34 SimpleVania.o
 *(.rodata*)
 *(.gnu.linkonce.d*)
                0x00800624                . = ALIGN (0x2)
 *fill*         0x00800623        0x1 
                0x00800624                _edata = .
                0x00800624                PROVIDE (__data_end, .)

.bss            0x00800624       0xb0
                0x00800624                PROVIDE (__bss_start, .)
 *(.bss)
 *(.bss*)
 .bss.TimerFlag
                0x00800624        0x1 SimpleVania.o
                0x00800624                TimerFlag
 .bss._avr_timer_cntcurr
                0x00800625        0x4 SimpleVania.o
                0x00800625                _avr_timer_cntcurr
 .bss.in_air    0x00800629        0x1 SimpleVania.o
                0x00800629                in_air
 .bss.has_moved
                0x0080062a        0x1 SimpleVania.o
                0x0080062a                has_moved
 .bss.loc_val   0x0080062b        0x1 SimpleVania.o
                0x0080062b                loc_val
 .bss.crouched  0x0080062c        0x1 SimpleVania.o
                0x0080062c                crouched
 .bss.moving_left
                0x0080062d        0x1 SimpleVania.o
                0x0080062d                moving_left
 .bss.moving_right
                0x0080062e        0x1 SimpleVania.o
                0x0080062e                moving_right
 .bss.cur_bit   0x0080062f        0x1 SimpleVania.o
                0x0080062f                cur_bit
 .bss.level_size_index
                0x00800630        0x1 SimpleVania.o
                0x00800630                level_size_index
 .bss.start_render
                0x00800631        0x1 SimpleVania.o
                0x00800631                start_render
 .bss.whip_loc  0x00800632        0x1 SimpleVania.o
                0x00800632                whip_loc
 .bss.whip_loc2
                0x00800633        0x1 SimpleVania.o
                0x00800633                whip_loc2
 .bss.whipped   0x00800634        0x1 SimpleVania.o
                0x00800634                whipped
 .bss.active_blue
                0x00800635       0x20 SimpleVania.o
                0x00800635                active_blue
 .bss.active_green
                0x00800655       0x20 SimpleVania.o
                0x00800655                active_green
 .bss.active_red
                0x00800675       0x20 SimpleVania.o
                0x00800675                active_red
 .bss.r         0x00800695        0x1 SimpleVania.o
                0x00800695                r
 .bss.g         0x00800696        0x1 SimpleVania.o
                0x00800696                g
 .bss.b         0x00800697        0x1 SimpleVania.o
                0x00800697                b
 .bss.task1.1865
                0x00800698        0xb SimpleVania.o
 .bss.task2.1866
                0x008006a3        0xb SimpleVania.o
 .bss.task3.1867
                0x008006ae        0xb SimpleVania.o
 .bss.task4.1868
                0x008006b9        0xb SimpleVania.o
 *(COMMON)
 COMMON         0x008006c4       0x10 SimpleVania.o
                0x008006c4                buttons
                0x008006d4                PROVIDE (__bss_end, .)
                0x00003874                __data_load_start = LOADADDR (.data)
                0x00003d98                __data_load_end = (__data_load_start + SIZEOF (.data))

.noinit         0x008006d4        0x0
                0x008006d4                PROVIDE (__noinit_start, .)
 *(.noinit*)
                0x008006d4                PROVIDE (__noinit_end, .)
                0x008006d4                _end = .
                0x008006d4                PROVIDE (__heap_start, .)

.eeprom         0x00810000        0x0
 *(.eeprom*)
                0x00810000                __eeprom_end = .

.fuse
 *(.fuse)
 *(.lfuse)
 *(.hfuse)
 *(.efuse)

.lock
 *(.lock*)

.signature
 *(.signature*)

.user_signatures
 *(.user_signatures*)

.stab           0x00000000      0x6cc
 *(.stab)
 .stab          0x00000000      0x6cc c:/program files (x86)/atmel/atmel toolchain/avr8 gcc/native/3.4.2.1002/avr8-gnu-toolchain/bin/../lib/gcc/avr/4.7.2/../../../../avr/lib/avr51/crtm1284p.o

.stabstr        0x00000000       0x97
 *(.stabstr)
 .stabstr       0x00000000       0x97 c:/program files (x86)/atmel/atmel toolchain/avr8 gcc/native/3.4.2.1002/avr8-gnu-toolchain/bin/../lib/gcc/avr/4.7.2/../../../../avr/lib/avr51/crtm1284p.o

.stab.excl
 *(.stab.excl)

.stab.exclstr
 *(.stab.exclstr)

.stab.index
 *(.stab.index)

.stab.indexstr
 *(.stab.indexstr)

.comment        0x00000000       0x2f
 *(.comment)
 .comment       0x00000000       0x2f SimpleVania.o
                                 0x30 (size before relaxing)

.debug
 *(.debug)

.line
 *(.line)

.debug_srcinfo
 *(.debug_srcinfo)

.debug_sfnames
 *(.debug_sfnames)

.debug_aranges  0x00000000      0x150
 *(.debug_aranges)
 .debug_aranges
                0x00000000      0x150 SimpleVania.o

.debug_pubnames
 *(.debug_pubnames)

.debug_info     0x00000000      0xd35
 *(.debug_info)
 .debug_info    0x00000000      0xd35 SimpleVania.o
 *(.gnu.linkonce.wi.*)

.debug_abbrev   0x00000000      0x2d2
 *(.debug_abbrev)
 .debug_abbrev  0x00000000      0x2d2 SimpleVania.o

.debug_line     0x00000000     0x1883
 *(.debug_line)
 .debug_line    0x00000000     0x1883 SimpleVania.o

.debug_frame    0x00000000      0x544
 *(.debug_frame)
 .debug_frame   0x00000000      0x544 SimpleVania.o

.debug_str      0x00000000      0x6a2
 *(.debug_str)
 .debug_str     0x00000000      0x6a2 SimpleVania.o
                                0x6fe (size before relaxing)

.debug_loc      0x00000000      0xb03
 *(.debug_loc)
 .debug_loc     0x00000000      0xb03 SimpleVania.o

.debug_macinfo
 *(.debug_macinfo)

.debug_pubtypes
 *(.debug_pubtypes)

.debug_ranges   0x00000000      0x140
 *(.debug_ranges)
 .debug_ranges  0x00000000      0x140 SimpleVania.o

.debug_macro
 *(.debug_macro)
OUTPUT(SimpleVania.elf elf32-avr)
LOAD linker stubs
